#
# There is insufficient memory for the Java Runtime Environment to continue.
# Native memory allocation (malloc) failed to allocate 1309280 bytes. Error detail: Chunk::new
# Possible reasons:
#   The system is out of physical RAM or swap space
#   This process is running with CompressedOops enabled, and the Java Heap may be blocking the growth of the native heap
# Possible solutions:
#   Reduce memory load on the system
#   Increase physical memory or swap space
#   Check if swap backing store is full
#   Decrease Java heap size (-Xmx/-Xms)
#   Decrease number of Java threads
#   Decrease Java thread stack sizes (-Xss)
#   Set larger code cache with -XX:ReservedCodeCacheSize=
#   JVM is running with Unscaled Compressed Oops mode in which the Java heap is
#     placed in the first 4GB address space. The Java Heap base address is the
#     maximum limit for the native heap growth. Please use -XX:HeapBaseMinAddress
#     to set the Java Heap base and to place the Java Heap above 4GB virtual address.
# This output file may be truncated or incomplete.
#
#  Out of Memory Error (arena.cpp:168), pid=5084, tid=23832
#
# JRE version: OpenJDK Runtime Environment (21.0.5) (build 21.0.5+-12932927-b750.29)
# Java VM: OpenJDK 64-Bit Server VM (21.0.5+-12932927-b750.29, mixed mode, tiered, compressed oops, compressed class ptrs, g1 gc, windows-amd64)
# No core dump will be written. Minidumps are not enabled by default on client versions of Windows
#

---------------  S U M M A R Y ------------

Command Line: --add-opens=java.base/java.lang=ALL-UNNAMED --add-opens=java.base/java.lang.invoke=ALL-UNNAMED --add-opens=java.base/java.util=ALL-UNNAMED --add-opens=java.prefs/java.util.prefs=ALL-UNNAMED --add-exports=jdk.compiler/com.sun.tools.javac.api=ALL-UNNAMED --add-exports=jdk.compiler/com.sun.tools.javac.util=ALL-UNNAMED --add-opens=java.base/java.util=ALL-UNNAMED --add-opens=java.prefs/java.util.prefs=ALL-UNNAMED --add-opens=java.base/java.nio.charset=ALL-UNNAMED --add-opens=java.base/java.net=ALL-UNNAMED --add-opens=java.base/java.util.concurrent.atomic=ALL-UNNAMED --add-opens=java.xml/javax.xml.namespace=ALL-UNNAMED -Xmx2048m -Dfile.encoding=UTF-8 -Duser.country=BR -Duser.language=pt -Duser.variant -javaagent:C:\Users\perei\.gradle\wrapper\dists\gradle-8.11.1-bin\bpt9gzteqjrbo1mjrsomdt32c\gradle-8.11.1\lib\agents\gradle-instrumentation-agent-8.11.1.jar org.gradle.launcher.daemon.bootstrap.GradleDaemon 8.11.1

Host: 12th Gen Intel(R) Core(TM) i3-1215U, 8 cores, 7G,  Windows 11 , 64 bit Build 26100 (10.0.26100.3323)
Time: Mon Mar 31 21:28:06 2025 Hora oficial do Brasil elapsed time: 4.551746 seconds (0d 0h 0m 4s)

---------------  T H R E A D  ---------------

Current thread (0x000001bc0fee2450):  JavaThread "C2 CompilerThread1" daemon [_thread_in_native, id=23832, stack(0x00000084bdc00000,0x00000084bdd00000) (1024K)]


Current CompileTask:
C2:4551 2847       4       java.lang.invoke.MethodType::methodType (69 bytes)

Stack: [0x00000084bdc00000,0x00000084bdd00000]
Native frames: (J=compiled Java code, j=interpreted, Vv=VM code, C=native code)
V  [jvm.dll+0x6cfb29]
V  [jvm.dll+0x85ded3]
V  [jvm.dll+0x86042e]
V  [jvm.dll+0x860b13]
V  [jvm.dll+0x27e6b6]
V  [jvm.dll+0xbff6d]
V  [jvm.dll+0xc04a3]
V  [jvm.dll+0x3b5ffb]
V  [jvm.dll+0x1de664]
V  [jvm.dll+0x247db4]
V  [jvm.dll+0x247231]
V  [jvm.dll+0x1c5ee4]
V  [jvm.dll+0x25697c]
V  [jvm.dll+0x254ec6]
V  [jvm.dll+0x3f0ce6]
V  [jvm.dll+0x806368]
V  [jvm.dll+0x6ce3fd]
C  [ucrtbase.dll+0x37b0]
C  [KERNEL32.DLL+0x2e8d7]
C  [ntdll.dll+0xbbf6c]


---------------  P R O C E S S  ---------------

Threads class SMR info:
_java_thread_list=0x000001bc0f605bb0, length=25, elements={
0x000001bc6f5279e0, 0x000001bc7e0873d0, 0x000001bc7e063ce0, 0x000001bc7e0a2310,
0x000001bc7e06db80, 0x000001bc7e0705e0, 0x000001bc7e0aad70, 0x000001bc7e0cbc30,
0x000001bc7e0cc6c0, 0x000001bc7e21f860, 0x000001bc7e5887c0, 0x000001bc0f2f6e50,
0x000001bc7ef94360, 0x000001bc0f2f1c90, 0x000001bc0f2e2990, 0x000001bc0f280840,
0x000001bc0f281bc0, 0x000001bc7efad4e0, 0x000001bc0f43d450, 0x000001bc0f4ca500,
0x000001bc0f4c97e0, 0x000001bc0f4c7da0, 0x000001bc0f4cab90, 0x000001bc0f4c9150,
0x000001bc0fee2450
}

Java Threads: ( => current thread )
  0x000001bc6f5279e0 JavaThread "main"                              [_thread_blocked, id=1840, stack(0x00000084bb500000,0x00000084bb600000) (1024K)]
  0x000001bc7e0873d0 JavaThread "Reference Handler"          daemon [_thread_blocked, id=5256, stack(0x00000084bbd00000,0x00000084bbe00000) (1024K)]
  0x000001bc7e063ce0 JavaThread "Finalizer"                  daemon [_thread_blocked, id=24392, stack(0x00000084bbe00000,0x00000084bbf00000) (1024K)]
  0x000001bc7e0a2310 JavaThread "Signal Dispatcher"          daemon [_thread_blocked, id=6516, stack(0x00000084bbf00000,0x00000084bc000000) (1024K)]
  0x000001bc7e06db80 JavaThread "Attach Listener"            daemon [_thread_blocked, id=15176, stack(0x00000084bc000000,0x00000084bc100000) (1024K)]
  0x000001bc7e0705e0 JavaThread "Service Thread"             daemon [_thread_blocked, id=7580, stack(0x00000084bc100000,0x00000084bc200000) (1024K)]
  0x000001bc7e0aad70 JavaThread "Monitor Deflation Thread"   daemon [_thread_blocked, id=14856, stack(0x00000084bc200000,0x00000084bc300000) (1024K)]
  0x000001bc7e0cbc30 JavaThread "C2 CompilerThread0"         daemon [_thread_blocked, id=22484, stack(0x00000084bc300000,0x00000084bc400000) (1024K)]
  0x000001bc7e0cc6c0 JavaThread "C1 CompilerThread0"         daemon [_thread_blocked, id=9584, stack(0x00000084bc400000,0x00000084bc500000) (1024K)]
  0x000001bc7e21f860 JavaThread "Common-Cleaner"             daemon [_thread_blocked, id=17984, stack(0x00000084bc500000,0x00000084bc600000) (1024K)]
  0x000001bc7e5887c0 JavaThread "Notification Thread"        daemon [_thread_blocked, id=8916, stack(0x00000084bc600000,0x00000084bc700000) (1024K)]
  0x000001bc0f2f6e50 JavaThread "Daemon health stats"               [_thread_blocked, id=14440, stack(0x00000084bcc00000,0x00000084bcd00000) (1024K)]
  0x000001bc7ef94360 JavaThread "Incoming local TCP Connector on port 63176"        [_thread_in_native, id=17140, stack(0x00000084bcd00000,0x00000084bce00000) (1024K)]
  0x000001bc0f2f1c90 JavaThread "Daemon periodic checks"            [_thread_blocked, id=20596, stack(0x00000084bce00000,0x00000084bcf00000) (1024K)]
  0x000001bc0f2e2990 JavaThread "Daemon"                            [_thread_blocked, id=14496, stack(0x00000084bcf00000,0x00000084bd000000) (1024K)]
  0x000001bc0f280840 JavaThread "Handler for socket connection from /127.0.0.1:63176 to /127.0.0.1:63177"        [_thread_in_native, id=3896, stack(0x00000084bd000000,0x00000084bd100000) (1024K)]
  0x000001bc0f281bc0 JavaThread "Cancel handler"                    [_thread_blocked, id=12732, stack(0x00000084bd100000,0x00000084bd200000) (1024K)]
  0x000001bc7efad4e0 JavaThread "Daemon worker"                     [_thread_blocked, id=2996, stack(0x00000084bd200000,0x00000084bd300000) (1024K)]
  0x000001bc0f43d450 JavaThread "Asynchronous log dispatcher for DefaultDaemonConnection: socket connection from /127.0.0.1:63176 to /127.0.0.1:63177"        [_thread_blocked, id=19392, stack(0x00000084bd300000,0x00000084bd400000) (1024K)]
  0x000001bc0f4ca500 JavaThread "Stdin handler"                     [_thread_blocked, id=2348, stack(0x00000084bd400000,0x00000084bd500000) (1024K)]
  0x000001bc0f4c97e0 JavaThread "Daemon client event forwarder"        [_thread_blocked, id=5928, stack(0x00000084bd500000,0x00000084bd600000) (1024K)]
  0x000001bc0f4c7da0 JavaThread "Cache worker for journal cache (C:\Users\perei\.gradle\caches\journal-1)"        [_thread_blocked, id=16596, stack(0x00000084bd900000,0x00000084bda00000) (1024K)]
  0x000001bc0f4cab90 JavaThread "File lock request listener"        [_thread_in_native, id=18868, stack(0x00000084bda00000,0x00000084bdb00000) (1024K)]
  0x000001bc0f4c9150 JavaThread "Cache worker for file hash cache (C:\Users\perei\.gradle\caches\8.11.1\fileHashes)"        [_thread_blocked, id=15040, stack(0x00000084bdb00000,0x00000084bdc00000) (1024K)]
=>0x000001bc0fee2450 JavaThread "C2 CompilerThread1"         daemon [_thread_in_native, id=23832, stack(0x00000084bdc00000,0x00000084bdd00000) (1024K)]
Total: 25

Other Threads:
  0x000001bc79ebe950 VMThread "VM Thread"                           [id=676, stack(0x00000084bbc00000,0x00000084bbd00000) (1024K)]
  0x000001bc79e41ff0 WatcherThread "VM Periodic Task Thread"        [id=12896, stack(0x00000084bbb00000,0x00000084bbc00000) (1024K)]
  0x000001bc71801d40 WorkerThread "GC Thread#0"                     [id=22588, stack(0x00000084bb600000,0x00000084bb700000) (1024K)]
  0x000001bc7e5f8010 WorkerThread "GC Thread#1"                     [id=15156, stack(0x00000084bc700000,0x00000084bc800000) (1024K)]
  0x000001bc7e7d26d0 WorkerThread "GC Thread#2"                     [id=10432, stack(0x00000084bc800000,0x00000084bc900000) (1024K)]
  0x000001bc7efeaba0 WorkerThread "GC Thread#3"                     [id=22580, stack(0x00000084bc900000,0x00000084bca00000) (1024K)]
  0x000001bc7ef95260 WorkerThread "GC Thread#4"                     [id=23192, stack(0x00000084bca00000,0x00000084bcb00000) (1024K)]
  0x000001bc7fc03680 WorkerThread "GC Thread#5"                     [id=14508, stack(0x00000084bcb00000,0x00000084bcc00000) (1024K)]
  0x000001bc0f2e5310 WorkerThread "GC Thread#6"                     [id=17188, stack(0x00000084bd600000,0x00000084bd700000) (1024K)]
  0x000001bc0f2e5df0 WorkerThread "GC Thread#7"                     [id=19884, stack(0x00000084bd700000,0x00000084bd800000) (1024K)]
  0x000001bc71812ad0 ConcurrentGCThread "G1 Main Marker"            [id=22300, stack(0x00000084bb700000,0x00000084bb800000) (1024K)]
  0x000001bc71815390 WorkerThread "G1 Conc#0"                       [id=6804, stack(0x00000084bb800000,0x00000084bb900000) (1024K)]
  0x000001bc0f2e5a50 WorkerThread "G1 Conc#1"                       [id=20892, stack(0x00000084bd800000,0x00000084bd900000) (1024K)]
  0x000001bc79d05dc0 ConcurrentGCThread "G1 Refine#0"               [id=14384, stack(0x00000084bb900000,0x00000084bba00000) (1024K)]
  0x000001bc79d066e0 ConcurrentGCThread "G1 Service"                [id=24300, stack(0x00000084bba00000,0x00000084bbb00000) (1024K)]
Total: 15

Threads with active compile tasks:
C2 CompilerThread0  4577 2845       4       java.lang.invoke.MethodType::makeImpl (109 bytes)
C2 CompilerThread1  4577 2847       4       java.lang.invoke.MethodType::methodType (69 bytes)
Total: 2

VM state: at safepoint (normal execution)

VM Mutex/Monitor currently owned by a thread:  ([mutex/lock_event])
[0x00007ffe2379ac60] FreeList_lock - owner thread: 0x000001bc7efeaba0
[0x00007ffe2379d360] Threads_lock - owner thread: 0x000001bc79ebe950
[0x00007ffe2379d460] Heap_lock - owner thread: 0x000001bc7efad4e0

Heap address: 0x0000000080000000, size: 2048 MB, Compressed Oops mode: 32-bit

CDS archive(s) not mapped
Compressed class space mapped at: 0x0000000100000000-0x0000000140000000, reserved size: 1073741824
Narrow klass base: 0x0000000000000000, Narrow klass shift: 3, Narrow klass range: 0x140000000

GC Precious Log:
 CardTable entry size: 512
 Card Set container configuration: InlinePtr #cards 5 size 8 Array Of Cards #cards 12 size 40 Howl #buckets 4 coarsen threshold 1843 Howl Bitmap #cards 512 size 80 coarsen threshold 460 Card regions per heap region 1 cards per card region 2048
 CPUs: 8 total, 8 available
 Memory: 7876M
 Large Page Support: Disabled
 NUMA Support: Disabled
 Compressed Oops: Enabled (32-bit)
 Heap Region Size: 1M
 Heap Min Capacity: 8M
 Heap Initial Capacity: 124M
 Heap Max Capacity: 2G
 Pre-touch: Disabled
 Parallel Workers: 8
 Concurrent Workers: 2
 Concurrent Refinement Workers: 8
 Periodic GC: Disabled

Heap:
 garbage-first heap   total 71680K, used 71086K [0x0000000080000000, 0x0000000100000000)
  region size 1024K, 49 young (50176K), 0 survivors (0K)
 Metaspace       used 29370K, committed 29952K, reserved 1114112K
  class space    used 3746K, committed 4032K, reserved 1048576K

Heap Regions: E=young(eden), S=young(survivor), O=old, HS=humongous(starts), HC=humongous(continues), CS=collection set, F=free, TAMS=top-at-mark-start, PB=parsable bottom
|   0|0x0000000080000000, 0x0000000080100000, 0x0000000080100000|100%| O|  |TAMS 0x0000000080000000| PB 0x0000000080000000| Untracked 
|   1|0x0000000080100000, 0x0000000080200000, 0x0000000080200000|100%|HS|  |TAMS 0x0000000080100000| PB 0x0000000080100000| Complete 
|   2|0x0000000080200000, 0x0000000080300000, 0x0000000080300000|100%|HC|  |TAMS 0x0000000080200000| PB 0x0000000080200000| Complete 
|   3|0x0000000080300000, 0x0000000080400000, 0x0000000080400000|100%|HC|  |TAMS 0x0000000080300000| PB 0x0000000080300000| Complete 
|   4|0x0000000080400000, 0x0000000080500000, 0x0000000080500000|100%| O|  |TAMS 0x0000000080400000| PB 0x0000000080400000| Untracked 
|   5|0x0000000080500000, 0x0000000080600000, 0x0000000080600000|100%| O|  |TAMS 0x0000000080500000| PB 0x0000000080500000| Untracked 
|   6|0x0000000080600000, 0x0000000080700000, 0x0000000080700000|100%| O|  |TAMS 0x0000000080600000| PB 0x0000000080600000| Untracked 
|   7|0x0000000080700000, 0x0000000080800000, 0x0000000080800000|100%|HS|  |TAMS 0x0000000080700000| PB 0x0000000080700000| Complete 
|   8|0x0000000080800000, 0x0000000080900000, 0x0000000080900000|100%| E|CS|TAMS 0x0000000080800000| PB 0x0000000080800000| Complete 
|   9|0x0000000080900000, 0x0000000080a00000, 0x0000000080a00000|100%| O|  |TAMS 0x0000000080900000| PB 0x0000000080900000| Untracked 
|  10|0x0000000080a00000, 0x0000000080b00000, 0x0000000080b00000|100%| O|  |TAMS 0x0000000080a00000| PB 0x0000000080a00000| Untracked 
|  11|0x0000000080b00000, 0x0000000080c00000, 0x0000000080c00000|100%| O|Cm|TAMS 0x0000000080b00000| PB 0x0000000080b00000| Complete 
|  12|0x0000000080c00000, 0x0000000080d00000, 0x0000000080d00000|100%| O|  |TAMS 0x0000000080c00000| PB 0x0000000080c00000| Untracked 
|  13|0x0000000080d00000, 0x0000000080e00000, 0x0000000080e00000|100%| E|CS|TAMS 0x0000000080d00000| PB 0x0000000080d00000| Complete 
|  14|0x0000000080e00000, 0x0000000080f00000, 0x0000000080f00000|100%| E|CS|TAMS 0x0000000080e00000| PB 0x0000000080e00000| Complete 
|  15|0x0000000080f00000, 0x0000000081000000, 0x0000000081000000|100%| E|CS|TAMS 0x0000000080f00000| PB 0x0000000080f00000| Complete 
|  16|0x0000000081000000, 0x0000000081100000, 0x0000000081100000|100%| E|CS|TAMS 0x0000000081000000| PB 0x0000000081000000| Complete 
|  17|0x0000000081100000, 0x0000000081200000, 0x0000000081200000|100%| E|CS|TAMS 0x0000000081100000| PB 0x0000000081100000| Complete 
|  18|0x0000000081200000, 0x0000000081300000, 0x0000000081300000|100%| E|CS|TAMS 0x0000000081200000| PB 0x0000000081200000| Complete 
|  19|0x0000000081300000, 0x0000000081400000, 0x0000000081400000|100%| E|CS|TAMS 0x0000000081300000| PB 0x0000000081300000| Complete 
|  20|0x0000000081400000, 0x0000000081500000, 0x0000000081500000|100%| E|CS|TAMS 0x0000000081400000| PB 0x0000000081400000| Complete 
|  21|0x0000000081500000, 0x0000000081600000, 0x0000000081600000|100%| E|CS|TAMS 0x0000000081500000| PB 0x0000000081500000| Complete 
|  22|0x0000000081600000, 0x0000000081700000, 0x0000000081700000|100%| E|CS|TAMS 0x0000000081600000| PB 0x0000000081600000| Complete 
|  23|0x0000000081700000, 0x0000000081800000, 0x0000000081800000|100%| E|CS|TAMS 0x0000000081700000| PB 0x0000000081700000| Complete 
|  24|0x0000000081800000, 0x0000000081900000, 0x0000000081900000|100%| E|CS|TAMS 0x0000000081800000| PB 0x0000000081800000| Complete 
|  25|0x0000000081900000, 0x0000000081a00000, 0x0000000081a00000|100%| E|CS|TAMS 0x0000000081900000| PB 0x0000000081900000| Complete 
|  26|0x0000000081a00000, 0x0000000081b00000, 0x0000000081b00000|100%| E|CS|TAMS 0x0000000081a00000| PB 0x0000000081a00000| Complete 
|  27|0x0000000081b00000, 0x0000000081c00000, 0x0000000081c00000|100%| E|CS|TAMS 0x0000000081b00000| PB 0x0000000081b00000| Complete 
|  28|0x0000000081c00000, 0x0000000081d00000, 0x0000000081d00000|100%| E|CS|TAMS 0x0000000081c00000| PB 0x0000000081c00000| Complete 
|  29|0x0000000081d00000, 0x0000000081e00000, 0x0000000081e00000|100%| E|CS|TAMS 0x0000000081d00000| PB 0x0000000081d00000| Complete 
|  30|0x0000000081e00000, 0x0000000081f00000, 0x0000000081f00000|100%| E|CS|TAMS 0x0000000081e00000| PB 0x0000000081e00000| Complete 
|  31|0x0000000081f00000, 0x0000000082000000, 0x0000000082000000|100%| E|CS|TAMS 0x0000000081f00000| PB 0x0000000081f00000| Complete 
|  32|0x0000000082000000, 0x0000000082100000, 0x0000000082100000|100%| E|CS|TAMS 0x0000000082000000| PB 0x0000000082000000| Complete 
|  33|0x0000000082100000, 0x0000000082200000, 0x0000000082200000|100%| E|CS|TAMS 0x0000000082100000| PB 0x0000000082100000| Complete 
|  34|0x0000000082200000, 0x0000000082300000, 0x0000000082300000|100%| E|CS|TAMS 0x0000000082200000| PB 0x0000000082200000| Complete 
|  35|0x0000000082300000, 0x0000000082400000, 0x0000000082400000|100%| E|CS|TAMS 0x0000000082300000| PB 0x0000000082300000| Complete 
|  36|0x0000000082400000, 0x0000000082500000, 0x0000000082500000|100%| E|CS|TAMS 0x0000000082400000| PB 0x0000000082400000| Complete 
|  37|0x0000000082500000, 0x0000000082600000, 0x0000000082600000|100%| E|CS|TAMS 0x0000000082500000| PB 0x0000000082500000| Complete 
|  38|0x0000000082600000, 0x0000000082700000, 0x0000000082700000|100%| E|CS|TAMS 0x0000000082600000| PB 0x0000000082600000| Complete 
|  39|0x0000000082700000, 0x0000000082800000, 0x0000000082800000|100%| E|CS|TAMS 0x0000000082700000| PB 0x0000000082700000| Complete 
|  40|0x0000000082800000, 0x0000000082900000, 0x0000000082900000|100%| E|CS|TAMS 0x0000000082800000| PB 0x0000000082800000| Complete 
|  41|0x0000000082900000, 0x0000000082a00000, 0x0000000082a00000|100%| E|CS|TAMS 0x0000000082900000| PB 0x0000000082900000| Complete 
|  42|0x0000000082a00000, 0x0000000082b00000, 0x0000000082b00000|100%| E|CS|TAMS 0x0000000082a00000| PB 0x0000000082a00000| Complete 
|  43|0x0000000082b00000, 0x0000000082c00000, 0x0000000082c00000|100%| E|CS|TAMS 0x0000000082b00000| PB 0x0000000082b00000| Complete 
|  44|0x0000000082c00000, 0x0000000082d00000, 0x0000000082d00000|100%| E|CS|TAMS 0x0000000082c00000| PB 0x0000000082c00000| Complete 
|  45|0x0000000082d00000, 0x0000000082e00000, 0x0000000082e00000|100%| E|CS|TAMS 0x0000000082d00000| PB 0x0000000082d00000| Complete 
|  46|0x0000000082e00000, 0x0000000082f00000, 0x0000000082f00000|100%| E|CS|TAMS 0x0000000082e00000| PB 0x0000000082e00000| Complete 
|  47|0x0000000082f00000, 0x0000000083000000, 0x0000000083000000|100%| E|CS|TAMS 0x0000000082f00000| PB 0x0000000082f00000| Complete 
|  48|0x0000000083000000, 0x0000000083100000, 0x0000000083100000|100%| E|CS|TAMS 0x0000000083000000| PB 0x0000000083000000| Complete 
|  49|0x0000000083100000, 0x0000000083200000, 0x0000000083200000|100%| E|CS|TAMS 0x0000000083100000| PB 0x0000000083100000| Complete 
|  50|0x0000000083200000, 0x0000000083300000, 0x0000000083300000|100%| E|CS|TAMS 0x0000000083200000| PB 0x0000000083200000| Complete 
|  51|0x0000000083300000, 0x0000000083400000, 0x0000000083400000|100%| E|CS|TAMS 0x0000000083300000| PB 0x0000000083300000| Complete 
|  52|0x0000000083400000, 0x0000000083500000, 0x0000000083500000|100%| E|CS|TAMS 0x0000000083400000| PB 0x0000000083400000| Complete 
|  53|0x0000000083500000, 0x0000000083600000, 0x0000000083600000|100%| E|CS|TAMS 0x0000000083500000| PB 0x0000000083500000| Complete 
|  54|0x0000000083600000, 0x0000000083700000, 0x0000000083700000|100%| E|CS|TAMS 0x0000000083600000| PB 0x0000000083600000| Complete 
|  55|0x0000000083700000, 0x0000000083800000, 0x0000000083800000|100%| E|CS|TAMS 0x0000000083700000| PB 0x0000000083700000| Complete 
|  56|0x0000000083800000, 0x0000000083900000, 0x0000000083900000|100%| E|CS|TAMS 0x0000000083800000| PB 0x0000000083800000| Complete 
|  57|0x0000000083900000, 0x0000000083a00000, 0x0000000083a00000|100%| E|CS|TAMS 0x0000000083900000| PB 0x0000000083900000| Complete 
|  58|0x0000000083a00000, 0x0000000083b00000, 0x0000000083b00000|100%| E|CS|TAMS 0x0000000083a00000| PB 0x0000000083a00000| Complete 
|  59|0x0000000083b00000, 0x0000000083c00000, 0x0000000083c00000|100%| E|CS|TAMS 0x0000000083b00000| PB 0x0000000083b00000| Complete 
|  88|0x0000000085800000, 0x000000008586b990, 0x0000000085900000| 42%| E|CS|TAMS 0x0000000085800000| PB 0x0000000085800000| Complete 
|  89|0x0000000085900000, 0x0000000085a00000, 0x0000000085a00000|100%| E|CS|TAMS 0x0000000085900000| PB 0x0000000085900000| Complete 
|  90|0x0000000085a00000, 0x0000000085b00000, 0x0000000085b00000|100%| E|CS|TAMS 0x0000000085a00000| PB 0x0000000085a00000| Complete 
|  91|0x0000000085b00000, 0x0000000085c00000, 0x0000000085c00000|100%| E|CS|TAMS 0x0000000085b00000| PB 0x0000000085b00000| Complete 
|  92|0x0000000085c00000, 0x0000000085d00000, 0x0000000085d00000|100%| E|CS|TAMS 0x0000000085c00000| PB 0x0000000085c00000| Complete 
|  93|0x0000000085d00000, 0x0000000085e00000, 0x0000000085e00000|100%| E|CS|TAMS 0x0000000085d00000| PB 0x0000000085d00000| Complete 
|  94|0x0000000085e00000, 0x0000000085f00000, 0x0000000085f00000|100%| E|CS|TAMS 0x0000000085e00000| PB 0x0000000085e00000| Complete 
|  95|0x0000000085f00000, 0x0000000086000000, 0x0000000086000000|100%| E|CS|TAMS 0x0000000085f00000| PB 0x0000000085f00000| Complete 
|  96|0x0000000086000000, 0x0000000086100000, 0x0000000086100000|100%| E|CS|TAMS 0x0000000086000000| PB 0x0000000086000000| Complete 
| 123|0x0000000087b00000, 0x0000000087c00000, 0x0000000087c00000|100%| E|CS|TAMS 0x0000000087b00000| PB 0x0000000087b00000| Complete 

Card table byte_map: [0x000001bc75030000,0x000001bc75430000] _byte_map_base: 0x000001bc74c30000

Marking Bits: (CMBitMap*) 0x000001bc718021f0
 Bits: [0x000001bc75430000, 0x000001bc77430000)

Polling page: 0x000001bc6f870000

Metaspace:

Usage:
  Non-class:     25.02 MB used.
      Class:      3.66 MB used.
       Both:     28.68 MB used.

Virtual space:
  Non-class space:       64.00 MB reserved,      25.31 MB ( 40%) committed,  1 nodes.
      Class space:        1.00 GB reserved,       3.94 MB ( <1%) committed,  1 nodes.
             Both:        1.06 GB reserved,      29.25 MB (  3%) committed. 

Chunk freelists:
   Non-Class:  5.83 MB
       Class:  12.08 MB
        Both:  17.91 MB

MaxMetaspaceSize: unlimited
CompressedClassSpaceSize: 1.00 GB
Initial GC threshold: 21.00 MB
Current GC threshold: 35.12 MB
CDS: off
 - commit_granule_bytes: 65536.
 - commit_granule_words: 8192.
 - virtual_space_node_default_size: 8388608.
 - enlarge_chunks_in_place: 1.
 - use_allocation_guard: 0.


Internal statistics:

num_allocs_failed_limit: 3.
num_arena_births: 822.
num_arena_deaths: 0.
num_vsnodes_births: 2.
num_vsnodes_deaths: 0.
num_space_committed: 468.
num_space_uncommitted: 0.
num_chunks_returned_to_freelist: 3.
num_chunks_taken_from_freelist: 1624.
num_chunk_merges: 3.
num_chunk_splits: 1043.
num_chunks_enlarged: 692.
num_inconsistent_stats: 0.

CodeHeap 'non-profiled nmethods': size=120000Kb used=1385Kb max_used=1385Kb free=118614Kb
 bounds [0x000001bc07ad0000, 0x000001bc07d40000, 0x000001bc0f000000]
CodeHeap 'profiled nmethods': size=120000Kb used=5774Kb max_used=5774Kb free=114226Kb
 bounds [0x000001bc00000000, 0x000001bc005b0000, 0x000001bc07530000]
CodeHeap 'non-nmethods': size=5760Kb used=1474Kb max_used=1526Kb free=4285Kb
 bounds [0x000001bc07530000, 0x000001bc077a0000, 0x000001bc07ad0000]
 total_blobs=3455 nmethods=2881 adapters=478
 compilation: enabled
              stopped_count=0, restarted_count=0
 full_count=0

Compilation events (20 events):
Event: 3.506 Thread 0x000001bc7e0cc6c0 nmethod 2873 0x000001bc00596990 code [0x000001bc00596c60, 0x000001bc00597920]
Event: 3.506 Thread 0x000001bc7e0cc6c0 2874   !   3       org.gradle.internal.service.MethodHandleBasedServiceMethodFactory::toServiceMethod (51 bytes)
Event: 3.507 Thread 0x000001bc7e0cc6c0 nmethod 2874 0x000001bc00597f10 code [0x000001bc00598260, 0x000001bc00599698]
Event: 3.507 Thread 0x000001bc7e0cc6c0 2875       3       org.gradle.internal.service.AbstractServiceMethod::<init> (42 bytes)
Event: 3.509 Thread 0x000001bc7e0cc6c0 nmethod 2875 0x000001bc00599d90 code [0x000001bc0059a100, 0x000001bc0059bba0]
Event: 3.509 Thread 0x000001bc7e0cc6c0 2879       3       org.gradle.internal.service.DefaultServiceRegistry$SingletonService::getAll (38 bytes)
Event: 3.509 Thread 0x000001bc7e0cc6c0 nmethod 2879 0x000001bc0059c410 code [0x000001bc0059c600, 0x000001bc0059ca18]
Event: 3.509 Thread 0x000001bc7e0cc6c0 2876       3       java.lang.reflect.Method::getGenericParameterTypes (5 bytes)
Event: 3.510 Thread 0x000001bc7e0cc6c0 nmethod 2876 0x000001bc0059cb90 code [0x000001bc0059cdc0, 0x000001bc0059d620]
Event: 3.510 Thread 0x000001bc7e0cc6c0 2877       3       java.lang.reflect.Method::hasGenericInformation (13 bytes)
Event: 3.510 Thread 0x000001bc7e0cc6c0 nmethod 2877 0x000001bc0059d890 code [0x000001bc0059da40, 0x000001bc0059dbb8]
Event: 3.510 Thread 0x000001bc7e0cc6c0 2878       3       org.gradle.internal.service.ReflectionBasedServiceMethod::<init> (16 bytes)
Event: 3.510 Thread 0x000001bc7e0cc6c0 nmethod 2878 0x000001bc0059dc90 code [0x000001bc0059dec0, 0x000001bc0059e6a8]
Event: 3.524 Thread 0x000001bc7e0cc6c0 2880       3       jdk.internal.misc.Unsafe::weakCompareAndSetInt (11 bytes)
Event: 3.524 Thread 0x000001bc7e0cc6c0 nmethod 2880 0x000001bc0059e990 code [0x000001bc0059eb20, 0x000001bc0059ec48]
Event: 3.848 Thread 0x000001bc7e0cc6c0 2881       3       java.util.concurrent.locks.ReentrantLock$Sync::isHeldExclusively (16 bytes)
Event: 4.545 Thread 0x000001bc7e0cc6c0 nmethod 2881 0x000001bc0059ed10 code [0x000001bc0059eec0, 0x000001bc0059f050]
Event: 4.545 Thread 0x000001bc7e0cc6c0 2884       3       java.util.concurrent.TimeUnit::toNanos (45 bytes)
Event: 4.545 Thread 0x000001bc7e0cc6c0 nmethod 2884 0x000001bc0059f110 code [0x000001bc0059f2c0, 0x000001bc0059f510]
Event: 4.545 Thread 0x000001bc7e0cc6c0 2882       3       java.util.stream.ReferencePipeline$2$1::accept (27 bytes)

GC Heap History (8 events):
Event: 0.346 GC heap before
{Heap before GC invocations=0 (full 0):
 garbage-first heap   total 126976K, used 22528K [0x0000000080000000, 0x0000000100000000)
  region size 1024K, 23 young (23552K), 0 survivors (0K)
 Metaspace       used 7968K, committed 8128K, reserved 1114112K
  class space    used 712K, committed 768K, reserved 1048576K
}
Event: 0.350 GC heap after
{Heap after GC invocations=1 (full 0):
 garbage-first heap   total 126976K, used 3600K [0x0000000080000000, 0x0000000100000000)
  region size 1024K, 3 young (3072K), 3 survivors (3072K)
 Metaspace       used 7968K, committed 8128K, reserved 1114112K
  class space    used 712K, committed 768K, reserved 1048576K
}
Event: 0.699 GC heap before
{Heap before GC invocations=1 (full 0):
 garbage-first heap   total 126976K, used 39440K [0x0000000080000000, 0x0000000100000000)
  region size 1024K, 36 young (36864K), 3 survivors (3072K)
 Metaspace       used 12154K, committed 12352K, reserved 1114112K
  class space    used 1278K, committed 1408K, reserved 1048576K
}
Event: 0.706 GC heap after
{Heap after GC invocations=2 (full 0):
 garbage-first heap   total 126976K, used 11245K [0x0000000080000000, 0x0000000100000000)
  region size 1024K, 5 young (5120K), 5 survivors (5120K)
 Metaspace       used 12154K, committed 12352K, reserved 1114112K
  class space    used 1278K, committed 1408K, reserved 1048576K
}
Event: 2.151 GC heap before
{Heap before GC invocations=2 (full 0):
 garbage-first heap   total 126976K, used 58349K [0x0000000080000000, 0x0000000100000000)
  region size 1024K, 50 young (51200K), 5 survivors (5120K)
 Metaspace       used 12932K, committed 13184K, reserved 1114112K
  class space    used 1417K, committed 1536K, reserved 1048576K
}
Event: 2.159 GC heap after
{Heap after GC invocations=3 (full 0):
 garbage-first heap   total 126976K, used 17307K [0x0000000080000000, 0x0000000100000000)
  region size 1024K, 5 young (5120K), 5 survivors (5120K)
 Metaspace       used 12932K, committed 13184K, reserved 1114112K
  class space    used 1417K, committed 1536K, reserved 1048576K
}
Event: 2.769 GC heap before
{Heap before GC invocations=3 (full 0):
 garbage-first heap   total 126976K, used 42907K [0x0000000080000000, 0x0000000100000000)
  region size 1024K, 32 young (32768K), 5 survivors (5120K)
 Metaspace       used 21171K, committed 21504K, reserved 1114112K
  class space    used 2436K, committed 2624K, reserved 1048576K
}
Event: 2.773 GC heap after
{Heap after GC invocations=4 (full 0):
 garbage-first heap   total 126976K, used 20910K [0x0000000080000000, 0x0000000100000000)
  region size 1024K, 9 young (9216K), 9 survivors (9216K)
 Metaspace       used 21171K, committed 21504K, reserved 1114112K
  class space    used 2436K, committed 2624K, reserved 1048576K
}

Dll operation events (3 events):
Event: 0.010 Loaded shared library C:\Program Files\Android\Android Studio\jbr\bin\java.dll
Event: 0.015 Loaded shared library C:\Program Files\Android\Android Studio\jbr\bin\zip.dll
Event: 0.380 Loaded shared library C:\Program Files\Android\Android Studio\jbr\bin\verify.dll

Deoptimization events (20 events):
Event: 3.055 Thread 0x000001bc7efad4e0 Uncommon trap: trap_request=0xffffff45 fr.pc=0x000001bc07af4204 relative=0x00000000000001c4
Event: 3.055 Thread 0x000001bc7efad4e0 Uncommon trap: reason=unstable_if action=reinterpret pc=0x000001bc07af4204 method=java.util.regex.Matcher.reset()Ljava/util/regex/Matcher; @ 47 c2
Event: 3.055 Thread 0x000001bc7efad4e0 DEOPT PACKING pc=0x000001bc07af4204 sp=0x00000084bd2fae40
Event: 3.055 Thread 0x000001bc7efad4e0 DEOPT UNPACKING pc=0x000001bc075846a2 sp=0x00000084bd2fadc8 mode 2
Event: 3.090 Thread 0x000001bc7efad4e0 Uncommon trap: trap_request=0xffffff45 fr.pc=0x000001bc07af67ac relative=0x0000000000000d2c
Event: 3.090 Thread 0x000001bc7efad4e0 Uncommon trap: reason=unstable_if action=reinterpret pc=0x000001bc07af67ac method=java.io.WinNTFileSystem.resolve(Ljava/lang/String;Ljava/lang/String;)Ljava/lang/String; @ 19 c2
Event: 3.090 Thread 0x000001bc7efad4e0 DEOPT PACKING pc=0x000001bc07af67ac sp=0x00000084bd2fb7f0
Event: 3.091 Thread 0x000001bc7efad4e0 DEOPT UNPACKING pc=0x000001bc075846a2 sp=0x00000084bd2fb788 mode 2
Event: 3.092 Thread 0x000001bc7efad4e0 Uncommon trap: trap_request=0xffffff45 fr.pc=0x000001bc07b5ab94 relative=0x0000000000000634
Event: 3.092 Thread 0x000001bc7efad4e0 Uncommon trap: reason=unstable_if action=reinterpret pc=0x000001bc07b5ab94 method=java.io.File.getName()Ljava/lang/String; @ 16 c2
Event: 3.092 Thread 0x000001bc7efad4e0 DEOPT PACKING pc=0x000001bc07b5ab94 sp=0x00000084bd2fb7b0
Event: 3.092 Thread 0x000001bc7efad4e0 DEOPT UNPACKING pc=0x000001bc075846a2 sp=0x00000084bd2fb780 mode 2
Event: 3.133 Thread 0x000001bc7efad4e0 Uncommon trap: trap_request=0xffffff45 fr.pc=0x000001bc07afab90 relative=0x00000000000000f0
Event: 3.133 Thread 0x000001bc7efad4e0 Uncommon trap: reason=unstable_if action=reinterpret pc=0x000001bc07afab90 method=java.util.HashMap.hash(Ljava/lang/Object;)I @ 1 c2
Event: 3.133 Thread 0x000001bc7efad4e0 DEOPT PACKING pc=0x000001bc07afab90 sp=0x00000084bd2fc8d0
Event: 3.133 Thread 0x000001bc7efad4e0 DEOPT UNPACKING pc=0x000001bc075846a2 sp=0x00000084bd2fc810 mode 2
Event: 3.166 Thread 0x000001bc7efad4e0 Uncommon trap: trap_request=0xffffff45 fr.pc=0x000001bc07b5f600 relative=0x00000000000007a0
Event: 3.166 Thread 0x000001bc7efad4e0 Uncommon trap: reason=unstable_if action=reinterpret pc=0x000001bc07b5f600 method=java.util.ArrayList.grow(I)[Ljava/lang/Object; @ 17 c2
Event: 3.166 Thread 0x000001bc7efad4e0 DEOPT PACKING pc=0x000001bc07b5f600 sp=0x00000084bd2fd620
Event: 3.166 Thread 0x000001bc7efad4e0 DEOPT UNPACKING pc=0x000001bc075846a2 sp=0x00000084bd2fd4b8 mode 2

Classes loaded (20 events):
Event: 3.338 Loading class java/lang/management/MemoryUsage
Event: 3.338 Loading class java/lang/management/MemoryUsage done
Event: 3.338 Loading class java/util/concurrent/LinkedBlockingDeque$Node
Event: 3.338 Loading class java/util/concurrent/LinkedBlockingDeque$Node done
Event: 3.368 Loading class java/security/InvalidKeyException
Event: 3.368 Loading class java/security/KeyException
Event: 3.368 Loading class java/security/KeyException done
Event: 3.368 Loading class java/security/InvalidKeyException done
Event: 3.392 Loading class java/util/regex/Pattern$Dollar
Event: 3.392 Loading class java/util/regex/Pattern$Dollar done
Event: 3.396 Loading class java/io/ObjectOutputStream
Event: 3.396 Loading class java/io/ObjectOutput
Event: 3.396 Loading class java/io/ObjectOutput done
Event: 3.396 Loading class java/io/ObjectStreamConstants
Event: 3.397 Loading class java/io/ObjectStreamConstants done
Event: 3.397 Loading class java/io/ObjectOutputStream done
Event: 3.397 Loading class java/io/ObjectInputStream
Event: 3.398 Loading class java/io/ObjectInput
Event: 3.398 Loading class java/io/ObjectInput done
Event: 3.398 Loading class java/io/ObjectInputStream done

Classes unloaded (0 events):
No events

Classes redefined (0 events):
No events

Internal exceptions (20 events):
Event: 3.115 Thread 0x000001bc7efad4e0 Exception <a 'java/lang/NoSuchMethodError'{0x0000000082591a70}: 'java.lang.Object java.lang.invoke.DirectMethodHandle$Holder.invokeInterface(java.lang.Object, java.lang.Object, java.lang.Object)'> (0x0000000082591a70) 
thrown [s\src\hotspot\share\interpreter\linkResolver.cpp, line 784]
Event: 3.116 Thread 0x000001bc7efad4e0 Exception <a 'java/lang/IncompatibleClassChangeError'{0x0000000082595688}: Found class java.lang.Object, but interface was expected> (0x0000000082595688) 
thrown [s\src\hotspot\share\interpreter\linkResolver.cpp, line 851]
Event: 3.133 Thread 0x000001bc7efad4e0 Implicit null exception at 0x000001bc07afaae6 to 0x000001bc07afab86
Event: 3.145 Thread 0x000001bc7efad4e0 Exception <a 'java/lang/NoSuchMethodError'{0x0000000082388fc8}: 'int java.lang.invoke.DirectMethodHandle$Holder.invokeStatic(java.lang.Object, java.lang.Object, java.lang.Object, java.lang.Object)'> (0x0000000082388fc8) 
thrown [s\src\hotspot\share\interpreter\linkResolver.cpp, line 784]
Event: 3.181 Thread 0x000001bc7efad4e0 Exception <a 'java/lang/NoSuchMethodError'{0x000000008216e538}: 'java.lang.Object java.lang.invoke.DelegatingMethodHandle$Holder.reinvoke_L(java.lang.Object, java.lang.Object, java.lang.Object, java.lang.Object, java.lang.Object, java.lang.Object, java.lang.Object, java.lang.Object, java.lang.Object, java.lang.Object, java.lang.Object, java.lang.Object, java.lang.Object, java.lang.Object, java.lang.Object, java.lang.Object, java.lang.Object, java.lang.Object, java.lang.Object, java.lang.Object, java.lang.O
Event: 3.184 Thread 0x000001bc7efad4e0 Exception <a 'java/lang/NoSuchMethodError'{0x00000000821dc2c8}: 'java.lang.Object java.lang.invoke.DirectMethodHandle$Holder.invokeStatic(java.lang.Object, java.lang.Object, java.lang.Object, java.lang.Object, java.lang.Object, java.lang.Object, java.lang.Object, java.lang.Object, java.lang.Object, java.lang.Object, java.lang.Object, java.lang.Object, java.lang.Object, java.lang.Object, java.lang.Object, java.lang.Object, java.lang.Object)'> (0x00000000821dc2c8) 
thrown [s\src\hotspot\share\interpreter\lin
Event: 3.184 Thread 0x000001bc7efad4e0 Exception <a 'java/lang/NoSuchMethodError'{0x0000000082005dd0}: 'java.lang.Object java.lang.invoke.DirectMethodHandle$Holder.invokeStatic(java.lang.Object, java.lang.Object, java.lang.Object, java.lang.Object, java.lang.Object, java.lang.Object, java.lang.Object, java.lang.Object, java.lang.Object, java.lang.Object, java.lang.Object, java.lang.Object, java.lang.Object, java.lang.Object, java.lang.Object, java.lang.Object, java.lang.Object, java.lang.Object)'> (0x0000000082005dd0) 
thrown [s\src\hotspot\sha
Event: 3.186 Thread 0x000001bc7efad4e0 Exception <a 'java/lang/NoSuchMethodError'{0x000000008202fe60}: 'java.lang.Object java.lang.invoke.DirectMethodHandle$Holder.invokeStatic(java.lang.Object, java.lang.Object, java.lang.Object, java.lang.Object, java.lang.Object, java.lang.Object, java.lang.Object, java.lang.Object, java.lang.Object, java.lang.Object, java.lang.Object, java.lang.Object, java.lang.Object, java.lang.Object, java.lang.Object, java.lang.Object, java.lang.Object, java.lang.Object, java.lang.Object)'> (0x000000008202fe60) 
thrown 
Event: 3.187 Thread 0x000001bc7efad4e0 Exception <a 'java/lang/NoSuchMethodError'{0x000000008205b5b0}: 'java.lang.Object java.lang.invoke.DirectMethodHandle$Holder.invokeStatic(java.lang.Object, java.lang.Object, java.lang.Object, java.lang.Object, java.lang.Object, java.lang.Object, java.lang.Object, java.lang.Object, java.lang.Object, java.lang.Object, java.lang.Object, java.lang.Object, java.lang.Object, java.lang.Object, java.lang.Object, java.lang.Object, java.lang.Object, java.lang.Object, java.lang.Object, java.lang.Object)'> (0x00000000
Event: 3.188 Thread 0x000001bc7efad4e0 Exception <a 'java/lang/NoSuchMethodError'{0x0000000082087ef8}: 'java.lang.Object java.lang.invoke.DirectMethodHandle$Holder.invokeStatic(java.lang.Object, java.lang.Object, java.lang.Object, java.lang.Object, java.lang.Object, java.lang.Object, java.lang.Object, java.lang.Object, java.lang.Object, java.lang.Object, java.lang.Object, java.lang.Object, java.lang.Object, java.lang.Object, java.lang.Object, java.lang.Object, java.lang.Object, java.lang.Object, java.lang.Object, java.lang.Object, java.lang.Obj
Event: 3.189 Thread 0x000001bc7efad4e0 Exception <a 'java/lang/NoSuchMethodError'{0x00000000820b56d8}: 'java.lang.Object java.lang.invoke.DirectMethodHandle$Holder.invokeStatic(java.lang.Object, java.lang.Object, java.lang.Object, java.lang.Object, java.lang.Object, java.lang.Object, java.lang.Object, java.lang.Object, java.lang.Object, java.lang.Object, java.lang.Object, java.lang.Object, java.lang.Object, java.lang.Object, java.lang.Object, java.lang.Object, java.lang.Object, java.lang.Object, java.lang.Object, java.lang.Object, java.lang.Obj
Event: 3.190 Thread 0x000001bc7efad4e0 Exception <a 'java/lang/NoSuchMethodError'{0x00000000820e4180}: 'java.lang.Object java.lang.invoke.DirectMethodHandle$Holder.invokeStatic(java.lang.Object, java.lang.Object, java.lang.Object, java.lang.Object, java.lang.Object, java.lang.Object, java.lang.Object, java.lang.Object, java.lang.Object, java.lang.Object, java.lang.Object, java.lang.Object, java.lang.Object, java.lang.Object, java.lang.Object, java.lang.Object, java.lang.Object, java.lang.Object, java.lang.Object, java.lang.Object, java.lang.Obj
Event: 3.192 Thread 0x000001bc7efad4e0 Exception <a 'java/lang/NoSuchMethodError'{0x0000000081f135f0}: 'java.lang.Object java.lang.invoke.DirectMethodHandle$Holder.invokeStatic(java.lang.Object, java.lang.Object, java.lang.Object, java.lang.Object, java.lang.Object, java.lang.Object, java.lang.Object, java.lang.Object, java.lang.Object, java.lang.Object, java.lang.Object, java.lang.Object, java.lang.Object, java.lang.Object, java.lang.Object, java.lang.Object, java.lang.Object, java.lang.Object, java.lang.Object, java.lang.Object, java.lang.Obj
Event: 3.192 Thread 0x000001bc7efad4e0 Exception <a 'java/lang/NoSuchMethodError'{0x0000000081f433d0}: 'java.lang.Object java.lang.invoke.DirectMethodHandle$Holder.invokeStatic(java.lang.Object, java.lang.Object, java.lang.Object, java.lang.Object, java.lang.Object, java.lang.Object, java.lang.Object, java.lang.Object, java.lang.Object, java.lang.Object, java.lang.Object, java.lang.Object, java.lang.Object, java.lang.Object, java.lang.Object, java.lang.Object, java.lang.Object, java.lang.Object, java.lang.Object, java.lang.Object, java.lang.Obj
Event: 3.194 Thread 0x000001bc7efad4e0 Exception <a 'java/lang/NoSuchMethodError'{0x0000000081f74d60}: 'java.lang.Object java.lang.invoke.DirectMethodHandle$Holder.invokeStatic(java.lang.Object, java.lang.Object, java.lang.Object, java.lang.Object, java.lang.Object, java.lang.Object, java.lang.Object, java.lang.Object, java.lang.Object, java.lang.Object, java.lang.Object, java.lang.Object, java.lang.Object, java.lang.Object, java.lang.Object, java.lang.Object, java.lang.Object, java.lang.Object, java.lang.Object, java.lang.Object, java.lang.Obj
Event: 3.222 Thread 0x000001bc7efad4e0 Exception <a 'java/lang/IncompatibleClassChangeError'{0x0000000081e6daa0}: Found class java.lang.Object, but interface was expected> (0x0000000081e6daa0) 
thrown [s\src\hotspot\share\interpreter\linkResolver.cpp, line 851]
Event: 3.387 Thread 0x000001bc7efad4e0 Exception <a 'java/lang/IncompatibleClassChangeError'{0x000000008135d790}: Found class java.lang.Object, but interface was expected> (0x000000008135d790) 
thrown [s\src\hotspot\share\interpreter\linkResolver.cpp, line 851]
Event: 3.390 Thread 0x000001bc7efad4e0 Exception <a 'java/lang/NoSuchMethodError'{0x0000000081386fc8}: 'java.lang.Object java.lang.invoke.DirectMethodHandle$Holder.newInvokeSpecial(java.lang.Object, java.lang.Object, java.lang.Object, java.lang.Object, java.lang.Object, java.lang.Object, java.lang.Object, java.lang.Object, java.lang.Object, java.lang.Object)'> (0x0000000081386fc8) 
thrown [s\src\hotspot\share\interpreter\linkResolver.cpp, line 784]
Event: 3.405 Thread 0x000001bc7efad4e0 Exception <a 'java/lang/NoSuchMethodError'{0x000000008129f9d8}: 'java.lang.Object java.lang.invoke.DirectMethodHandle$Holder.newInvokeSpecial(java.lang.Object, java.lang.Object, java.lang.Object, java.lang.Object, java.lang.Object, java.lang.Object, java.lang.Object, java.lang.Object)'> (0x000000008129f9d8) 
thrown [s\src\hotspot\share\interpreter\linkResolver.cpp, line 784]
Event: 3.420 Thread 0x000001bc7efad4e0 Exception <a 'java/lang/NoSuchMethodError'{0x0000000081156078}: 'int java.lang.invoke.DirectMethodHandle$Holder.invokeStaticInit(java.lang.Object, java.lang.Object, java.lang.Object)'> (0x0000000081156078) 
thrown [s\src\hotspot\share\interpreter\linkResolver.cpp, line 784]

ZGC Phase Switch (0 events):
No events

VM Operations (20 events):
Event: 2.625 Executing VM operation: HandshakeAllThreads (Deoptimize)
Event: 2.625 Executing VM operation: HandshakeAllThreads (Deoptimize) done
Event: 2.718 Executing VM operation: ICBufferFull
Event: 2.718 Executing VM operation: ICBufferFull done
Event: 2.769 Executing VM operation: CollectForMetadataAllocation (Metadata GC Threshold)
Event: 2.773 Executing VM operation: CollectForMetadataAllocation (Metadata GC Threshold) done
Event: 2.777 Executing VM operation: G1PauseRemark
Event: 2.779 Executing VM operation: G1PauseRemark done
Event: 2.780 Executing VM operation: G1PauseCleanup
Event: 2.783 Executing VM operation: G1PauseCleanup done
Event: 3.043 Executing VM operation: HandshakeAllThreads (Deoptimize)
Event: 3.043 Executing VM operation: HandshakeAllThreads (Deoptimize) done
Event: 3.204 Executing VM operation: HandshakeAllThreads (Deoptimize)
Event: 3.204 Executing VM operation: HandshakeAllThreads (Deoptimize) done
Event: 3.204 Executing VM operation: HandshakeAllThreads (Deoptimize)
Event: 3.204 Executing VM operation: HandshakeAllThreads (Deoptimize) done
Event: 3.302 Executing VM operation: ICBufferFull
Event: 3.302 Executing VM operation: ICBufferFull done
Event: 4.310 Executing VM operation: Cleanup
Event: 4.310 Executing VM operation: Cleanup done

Memory protections (0 events):
No events

Nmethod flushes (0 events):
No events

Events (20 events):
Event: 0.310 Loaded shared library C:\Program Files\Android\Android Studio\jbr\bin\jimage.dll
Event: 0.458 Loaded shared library C:\Users\perei\.gradle\native\c067742578af261105cb4f569cf0c3c89f3d7b1fecec35dd04571415982c5e48\windows-amd64\native-platform.dll
Event: 0.463 Loaded shared library C:\Users\perei\.gradle\native\100fb08df4bc3b14c8652ba06237920a3bd2aa13389f12d3474272988ae205f9\windows-amd64\native-platform-file-events.dll
Event: 2.299 Loaded shared library C:\Program Files\Android\Android Studio\jbr\bin\management.dll
Event: 2.300 Loaded shared library C:\Program Files\Android\Android Studio\jbr\bin\management_ext.dll
Event: 2.326 Thread 0x000001bc6f5279e0 Thread added: 0x000001bc0f2f6e50
Event: 2.530 Loaded shared library C:\Program Files\Android\Android Studio\jbr\bin\extnet.dll
Event: 2.552 Thread 0x000001bc6f5279e0 Thread added: 0x000001bc7ef94360
Event: 2.619 Thread 0x000001bc6f5279e0 Thread added: 0x000001bc0f2f1c90
Event: 2.658 Thread 0x000001bc7ef94360 Thread added: 0x000001bc0f2e2990
Event: 2.659 Thread 0x000001bc0f2e2990 Thread added: 0x000001bc0f280840
Event: 2.683 Thread 0x000001bc0f2e2990 Thread added: 0x000001bc0f281bc0
Event: 2.688 Thread 0x000001bc0f2e2990 Thread added: 0x000001bc7efad4e0
Event: 2.695 Thread 0x000001bc7efad4e0 Thread added: 0x000001bc0f43d450
Event: 2.700 Thread 0x000001bc7efad4e0 Thread added: 0x000001bc0f4ca500
Event: 2.701 Thread 0x000001bc7efad4e0 Thread added: 0x000001bc0f4c97e0
Event: 3.043 Thread 0x000001bc7efad4e0 Thread added: 0x000001bc0f4c7da0
Event: 3.048 Thread 0x000001bc7efad4e0 Thread added: 0x000001bc0f4cab90
Event: 3.069 Thread 0x000001bc7efad4e0 Thread added: 0x000001bc0f4c9150
Event: 3.186 Thread 0x000001bc7e0cc6c0 Thread added: 0x000001bc0fee2450


Dynamic libraries:
0x00007ff712b20000 - 0x00007ff712b2a000 	C:\Program Files\Android\Android Studio\jbr\bin\java.exe
0x00007ffebd3e0000 - 0x00007ffebd643000 	C:\Windows\SYSTEM32\ntdll.dll
0x00007ffebc500000 - 0x00007ffebc5c7000 	C:\Windows\System32\KERNEL32.DLL
0x00007ffebaa20000 - 0x00007ffebade9000 	C:\Windows\System32\KERNELBASE.dll
0x00007ffebb0b0000 - 0x00007ffebb1fc000 	C:\Windows\System32\ucrtbase.dll
0x00007ffea76a0000 - 0x00007ffea76b8000 	C:\Program Files\Android\Android Studio\jbr\bin\jli.dll
0x00007ffea6c80000 - 0x00007ffea6c9b000 	C:\Program Files\Android\Android Studio\jbr\bin\VCRUNTIME140.dll
0x00007ffebb3b0000 - 0x00007ffebb57a000 	C:\Windows\System32\USER32.dll
0x00007ffebadf0000 - 0x00007ffebae17000 	C:\Windows\System32\win32u.dll
0x00007ffebc290000 - 0x00007ffebc2ba000 	C:\Windows\System32\GDI32.dll
0x00007ffebae20000 - 0x00007ffebaf51000 	C:\Windows\System32\gdi32full.dll
0x00007ffebaf60000 - 0x00007ffebb003000 	C:\Windows\System32\msvcp_win.dll
0x00007ffea0d10000 - 0x00007ffea0fa0000 	C:\Windows\WinSxS\amd64_microsoft.windows.common-controls_6595b64144ccf1df_6.0.26100.3323_none_3e088096e3344490\COMCTL32.dll
0x00007ffebbe50000 - 0x00007ffebbef9000 	C:\Windows\System32\msvcrt.dll
0x00007ffebc970000 - 0x00007ffebc99f000 	C:\Windows\System32\IMM32.DLL
0x00007ffeb4cf0000 - 0x00007ffeb4cfc000 	C:\Program Files\Android\Android Studio\jbr\bin\vcruntime140_1.dll
0x00007ffe92f10000 - 0x00007ffe92f9d000 	C:\Program Files\Android\Android Studio\jbr\bin\msvcp140.dll
0x00007ffe22bf0000 - 0x00007ffe2387a000 	C:\Program Files\Android\Android Studio\jbr\bin\server\jvm.dll
0x00007ffebc660000 - 0x00007ffebc712000 	C:\Windows\System32\ADVAPI32.dll
0x00007ffebb300000 - 0x00007ffebb3a6000 	C:\Windows\System32\sechost.dll
0x00007ffebcbe0000 - 0x00007ffebccf6000 	C:\Windows\System32\RPCRT4.dll
0x00007ffebc880000 - 0x00007ffebc8f4000 	C:\Windows\System32\WS2_32.dll
0x00007ffea5e40000 - 0x00007ffea5e4b000 	C:\Windows\SYSTEM32\VERSION.dll
0x00007ffeaeef0000 - 0x00007ffeaef26000 	C:\Windows\SYSTEM32\WINMM.dll
0x00007ffeba470000 - 0x00007ffeba4be000 	C:\Windows\SYSTEM32\POWRPROF.dll
0x00007ffeba3a0000 - 0x00007ffeba3b4000 	C:\Windows\SYSTEM32\UMPDC.dll
0x00007ffeb9400000 - 0x00007ffeb941a000 	C:\Windows\SYSTEM32\kernel.appcore.dll
0x00007ffeb1c90000 - 0x00007ffeb1c9a000 	C:\Program Files\Android\Android Studio\jbr\bin\jimage.dll
0x00007ffeb7b00000 - 0x00007ffeb7d41000 	C:\Windows\SYSTEM32\DBGHELP.DLL
0x00007ffebbf00000 - 0x00007ffebc282000 	C:\Windows\System32\combase.dll
0x00007ffebca80000 - 0x00007ffebcb56000 	C:\Windows\System32\OLEAUT32.dll
0x00007ffe9f250000 - 0x00007ffe9f289000 	C:\Windows\SYSTEM32\dbgcore.DLL
0x00007ffebb010000 - 0x00007ffebb0a9000 	C:\Windows\System32\bcryptPrimitives.dll
0x00007ffeb4d00000 - 0x00007ffeb4d0e000 	C:\Program Files\Android\Android Studio\jbr\bin\instrument.dll
0x00007ffea6b50000 - 0x00007ffea6b70000 	C:\Program Files\Android\Android Studio\jbr\bin\java.dll
0x00007ffea6b30000 - 0x00007ffea6b48000 	C:\Program Files\Android\Android Studio\jbr\bin\zip.dll
0x00007ffebb580000 - 0x00007ffebbc95000 	C:\Windows\System32\SHELL32.dll
0x00007ffeba5e0000 - 0x00007ffeba748000 	C:\Windows\System32\wintypes.dll
0x00007ffeb8290000 - 0x00007ffeb8ad5000 	C:\Windows\SYSTEM32\windows.storage.dll
0x00007ffebb200000 - 0x00007ffebb2eb000 	C:\Windows\System32\SHCORE.dll
0x00007ffebc9d0000 - 0x00007ffebca2d000 	C:\Windows\System32\shlwapi.dll
0x00007ffeba4f0000 - 0x00007ffeba51f000 	C:\Windows\SYSTEM32\profapi.dll
0x00007ffea70a0000 - 0x00007ffea70b0000 	C:\Program Files\Android\Android Studio\jbr\bin\net.dll
0x00007ffeb1e00000 - 0x00007ffeb1f1e000 	C:\Windows\SYSTEM32\WINHTTP.dll
0x00007ffeb9920000 - 0x00007ffeb998a000 	C:\Windows\system32\mswsock.dll
0x00007ffea6b10000 - 0x00007ffea6b26000 	C:\Program Files\Android\Android Studio\jbr\bin\nio.dll
0x00007ffea6a80000 - 0x00007ffea6a90000 	C:\Program Files\Android\Android Studio\jbr\bin\verify.dll
0x00007ffe9d320000 - 0x00007ffe9d347000 	C:\Users\perei\.gradle\native\c067742578af261105cb4f569cf0c3c89f3d7b1fecec35dd04571415982c5e48\windows-amd64\native-platform.dll
0x00007ffe71910000 - 0x00007ffe71a54000 	C:\Users\perei\.gradle\native\100fb08df4bc3b14c8652ba06237920a3bd2aa13389f12d3474272988ae205f9\windows-amd64\native-platform-file-events.dll
0x00007ffea6b00000 - 0x00007ffea6b09000 	C:\Program Files\Android\Android Studio\jbr\bin\management.dll
0x00007ffea6ac0000 - 0x00007ffea6acb000 	C:\Program Files\Android\Android Studio\jbr\bin\management_ext.dll
0x00007ffebb2f0000 - 0x00007ffebb2f8000 	C:\Windows\System32\PSAPI.DLL
0x00007ffeb9bd0000 - 0x00007ffeb9bec000 	C:\Windows\SYSTEM32\CRYPTSP.dll
0x00007ffeb9340000 - 0x00007ffeb937a000 	C:\Windows\system32\rsaenh.dll
0x00007ffeb99c0000 - 0x00007ffeb99eb000 	C:\Windows\SYSTEM32\USERENV.dll
0x00007ffeb9e00000 - 0x00007ffeb9e26000 	C:\Windows\SYSTEM32\bcrypt.dll
0x00007ffeb9bc0000 - 0x00007ffeb9bcc000 	C:\Windows\SYSTEM32\CRYPTBASE.dll
0x00007ffeb8e40000 - 0x00007ffeb8e73000 	C:\Windows\SYSTEM32\IPHLPAPI.DLL
0x00007ffebc960000 - 0x00007ffebc96a000 	C:\Windows\System32\NSI.dll
0x00007ffea6d80000 - 0x00007ffea6d89000 	C:\Program Files\Android\Android Studio\jbr\bin\extnet.dll
0x00007ffea7120000 - 0x00007ffea7128000 	C:\Windows\system32\wshunix.dll

dbghelp: loaded successfully - version: 4.0.5 - missing functions: none
symbol engine: initialized successfully - sym options: 0x614 - pdb path: .;C:\Program Files\Android\Android Studio\jbr\bin;C:\Windows\SYSTEM32;C:\Windows\WinSxS\amd64_microsoft.windows.common-controls_6595b64144ccf1df_6.0.26100.3323_none_3e088096e3344490;C:\Program Files\Android\Android Studio\jbr\bin\server;C:\Users\perei\.gradle\native\c067742578af261105cb4f569cf0c3c89f3d7b1fecec35dd04571415982c5e48\windows-amd64;C:\Users\perei\.gradle\native\100fb08df4bc3b14c8652ba06237920a3bd2aa13389f12d3474272988ae205f9\windows-amd64

VM Arguments:
jvm_args: --add-opens=java.base/java.lang=ALL-UNNAMED --add-opens=java.base/java.lang.invoke=ALL-UNNAMED --add-opens=java.base/java.util=ALL-UNNAMED --add-opens=java.prefs/java.util.prefs=ALL-UNNAMED --add-exports=jdk.compiler/com.sun.tools.javac.api=ALL-UNNAMED --add-exports=jdk.compiler/com.sun.tools.javac.util=ALL-UNNAMED --add-opens=java.base/java.util=ALL-UNNAMED --add-opens=java.prefs/java.util.prefs=ALL-UNNAMED --add-opens=java.base/java.nio.charset=ALL-UNNAMED --add-opens=java.base/java.net=ALL-UNNAMED --add-opens=java.base/java.util.concurrent.atomic=ALL-UNNAMED --add-opens=java.xml/javax.xml.namespace=ALL-UNNAMED -Xmx2048m -Dfile.encoding=UTF-8 -Duser.country=BR -Duser.language=pt -Duser.variant -javaagent:C:\Users\perei\.gradle\wrapper\dists\gradle-8.11.1-bin\bpt9gzteqjrbo1mjrsomdt32c\gradle-8.11.1\lib\agents\gradle-instrumentation-agent-8.11.1.jar 
java_command: org.gradle.launcher.daemon.bootstrap.GradleDaemon 8.11.1
java_class_path (initial): C:\Users\perei\.gradle\wrapper\dists\gradle-8.11.1-bin\bpt9gzteqjrbo1mjrsomdt32c\gradle-8.11.1\lib\gradle-daemon-main-8.11.1.jar
Launcher Type: SUN_STANDARD

[Global flags]
     intx CICompilerCount                          = 4                                         {product} {ergonomic}
     uint ConcGCThreads                            = 2                                         {product} {ergonomic}
     uint G1ConcRefinementThreads                  = 8                                         {product} {ergonomic}
   size_t G1HeapRegionSize                         = 1048576                                   {product} {ergonomic}
    uintx GCDrainStackTargetSize                   = 64                                        {product} {ergonomic}
   size_t InitialHeapSize                          = 130023424                                 {product} {ergonomic}
   size_t MarkStackSize                            = 4194304                                   {product} {ergonomic}
   size_t MaxHeapSize                              = 2147483648                                {product} {command line}
   size_t MaxNewSize                               = 1287651328                                {product} {ergonomic}
   size_t MinHeapDeltaBytes                        = 1048576                                   {product} {ergonomic}
   size_t MinHeapSize                              = 8388608                                   {product} {ergonomic}
    uintx NonNMethodCodeHeapSize                   = 5839372                                {pd product} {ergonomic}
    uintx NonProfiledCodeHeapSize                  = 122909434                              {pd product} {ergonomic}
    uintx ProfiledCodeHeapSize                     = 122909434                              {pd product} {ergonomic}
    uintx ReservedCodeCacheSize                    = 251658240                              {pd product} {ergonomic}
     bool SegmentedCodeCache                       = true                                      {product} {ergonomic}
   size_t SoftMaxHeapSize                          = 2147483648                             {manageable} {ergonomic}
     bool UseCompressedOops                        = true                           {product lp64_product} {ergonomic}
     bool UseG1GC                                  = true                                      {product} {ergonomic}
     bool UseLargePagesIndividualAllocation        = false                                  {pd product} {ergonomic}

Logging:
Log output configuration:
 #0: stdout all=warning uptime,level,tags foldmultilines=false
 #1: stderr all=off uptime,level,tags foldmultilines=false

Environment Variables:
JAVA_HOME=C:\Program Files\Java\jdk-23
PATH=C:\Program Files\Common Files\Oracle\Java\javapath;C:\Windows\system32;C:\Windows;C:\Windows\System32\Wbem;C:\Windows\System32\WindowsPowerShell\v1.0\;C:\Windows\System32\OpenSSH\;C:\Program Files\dotnet\;C:\Program Files\Git\cmd;C:\Users\perei\AppData\Local\Programs\Python\Launcher\;C:\Users\perei\AppData\Local\Microsoft\WindowsApps;C:\Users\perei\AppData\Local\Programs\Microsoft VS Code\bin;C:\Program Files\Java\jdk-23\bin;
USERNAME=perei
OS=Windows_NT
PROCESSOR_IDENTIFIER=Intel64 Family 6 Model 154 Stepping 4, GenuineIntel
TMP=C:\Users\perei\AppData\Local\Temp
TEMP=C:\Users\perei\AppData\Local\Temp




Periodic native trim disabled

JNI global refs:
JNI global refs: 23, weak refs: 0

JNI global refs memory usage: 835, weak refs: 833

Process memory usage:
Resident Set Size: 212376K (2% of 8065780K total physical memory with 504368K free physical memory)

OOME stack traces (most recent first):
Classloader memory used:
Loader bootstrap                                                                       : 16327K
Loader org.gradle.internal.classloader.VisitableURLClassLoader                         : 11302K
Loader org.gradle.initialization.MixInLegacyTypesClassLoader                           : 1363K
Loader jdk.internal.loader.ClassLoaders$AppClassLoader                                 : 232K
Loader jdk.internal.loader.ClassLoaders$PlatformClassLoader                            : 145K

Classes loaded by more than one classloader:
Class org.gradle.internal.classloader.FilteringClassLoader                            : loaded 2 times (x 101B)
Class org.gradle.internal.classloader.ClassLoaderHierarchy                            : loaded 2 times (x 66B)
Class org.gradle.api.internal.classpath.ManifestUtil                                  : loaded 2 times (x 67B)
Class org.gradle.internal.classloader.DefaultClassLoaderFactory                       : loaded 2 times (x 78B)
Class org.gradle.internal.classloader.ClassLoaderVisitor                              : loaded 2 times (x 72B)
Class org.gradle.api.internal.classpath.EffectiveClassPath                            : loaded 2 times (x 86B)
Class org.gradle.api.internal.DefaultClassPathProvider                                : loaded 2 times (x 72B)
Class [Lorg.gradle.api.internal.ClassPathProvider;                                    : loaded 2 times (x 65B)
Class org.gradle.api.internal.ClassPathProvider                                       : loaded 2 times (x 66B)
Class org.gradle.internal.service.UnknownServiceException                             : loaded 2 times (x 79B)
Class org.gradle.internal.classpath.TransformedClassPath                              : loaded 2 times (x 92B)
Class org.gradle.internal.classloader.InstrumentingClassLoader                        : loaded 2 times (x 66B)
Class org.gradle.internal.service.ServiceLocator                                      : loaded 2 times (x 66B)
Class org.gradle.internal.InternalTransformer                                         : loaded 2 times (x 66B)
Class org.gradle.internal.classloader.ClasspathUtil$1                                 : loaded 2 times (x 72B)
Class org.gradle.api.internal.classpath.DefaultModuleRegistry$DefaultModule           : loaded 2 times (x 82B)
Class org.gradle.api.internal.classpath.Module                                        : loaded 2 times (x 66B)
Class org.gradle.api.internal.classpath.UnknownModuleException                        : loaded 2 times (x 78B)
Class org.gradle.api.internal.DefaultClassPathRegistry                                : loaded 2 times (x 72B)
Class org.gradle.api.internal.ClassPathRegistry                                       : loaded 2 times (x 66B)
Class org.gradle.internal.classpath.DefaultClassPath$ImmutableUniqueList              : loaded 2 times (x 195B)
Class org.gradle.internal.classpath.ClassPath                                         : loaded 2 times (x 66B)
Class org.gradle.api.UncheckedIOException                                             : loaded 2 times (x 78B)
Class org.gradle.internal.installation.GradleInstallation$1                           : loaded 2 times (x 71B)
Class org.gradle.api.internal.classpath.ModuleRegistry                                : loaded 2 times (x 66B)
Class org.gradle.api.internal.classpath.DefaultModuleRegistry                         : loaded 2 times (x 82B)
Class org.gradle.internal.service.ServiceLookupException                              : loaded 2 times (x 78B)
Class org.gradle.internal.classloader.ClassLoaderFactory                              : loaded 2 times (x 66B)
Class org.gradle.internal.service.CachingServiceLocator                               : loaded 2 times (x 78B)
Class org.gradle.internal.classloader.ClasspathUtil                                   : loaded 2 times (x 67B)
Class org.gradle.api.specs.Spec                                                       : loaded 2 times (x 66B)
Class org.gradle.internal.classloader.VisitableURLClassLoader$InstrumentingVisitableURLClassLoader: loaded 2 times (x 119B)
Class org.gradle.internal.classloader.VisitableURLClassLoader$Spec                    : loaded 2 times (x 70B)
Class org.gradle.internal.classpath.DefaultClassPath                                  : loaded 2 times (x 86B)
Class org.gradle.internal.classloader.ClassLoaderSpec                                 : loaded 2 times (x 67B)
Class org.gradle.internal.classloader.VisitableURLClassLoader                         : loaded 2 times (x 113B)
Class org.gradle.internal.Cast                                                        : loaded 2 times (x 67B)
Class org.gradle.api.Action                                                           : loaded 2 times (x 66B)
Class org.gradle.internal.classpath.DefaultClassPath$ImmutableUniqueList$Builder      : loaded 2 times (x 71B)
Class org.gradle.api.GradleException                                                  : loaded 2 times (x 78B)
Class org.gradle.internal.IoActions                                                   : loaded 2 times (x 67B)
Class org.gradle.internal.classloader.SystemClassLoaderSpec                           : loaded 2 times (x 67B)
Class org.gradle.api.internal.classpath.GlobalCacheRootsProvider                      : loaded 2 times (x 66B)
Class org.gradle.internal.installation.CurrentGradleInstallationLocator               : loaded 2 times (x 67B)
Class org.gradle.internal.service.DefaultServiceLocator                               : loaded 2 times (x 79B)
Class org.gradle.internal.installation.CurrentGradleInstallation                      : loaded 2 times (x 69B)
Class org.gradle.util.internal.GUtil                                                  : loaded 2 times (x 67B)
Class org.gradle.internal.installation.GradleInstallation                             : loaded 2 times (x 71B)

---------------  S Y S T E M  ---------------

OS:
 Windows 11 , 64 bit Build 26100 (10.0.26100.3323)
OS uptime: 6 days 1:07 hours
Hyper-V role detected

CPU: total 8 (initial active 8) (4 cores per cpu, 2 threads per core) family 6 model 154 stepping 4 microcode 0x435, cx8, cmov, fxsr, ht, mmx, 3dnowpref, sse, sse2, sse3, ssse3, sse4.1, sse4.2, popcnt, lzcnt, tsc, tscinvbit, avx, avx2, aes, erms, clmul, bmi1, bmi2, adx, sha, fma, vzeroupper, clflush, clflushopt, clwb, hv, serialize, rdtscp, rdpid, fsrm, f16c, cet_ibt, cet_ss
Processor Information for all 8 processors :
  Max Mhz: 1200, Current Mhz: 1200, Mhz Limit: 1200

Memory: 4k page, system-wide physical 7876M (492M free)
TotalPageFile size 19687M (AvailPageFile size 9M)
current process WorkingSet (physical memory assigned to process): 207M, peak: 209M
current process commit charge ("private bytes"): 247M, peak: 251M

vm_info: OpenJDK 64-Bit Server VM (21.0.5+-12932927-b750.29) for windows-amd64 JRE (21.0.5+-12932927-b750.29), built on 2025-01-17T02:01:10Z by "builder" with MS VC++ 16.10 / 16.11 (VS2019)

END.
